table_create Books TABLE_NO_KEY
column_create Books author COLUMN_SCALAR ShortText
column_create Books file_path COLUMN_SCALAR ShortText
column_create Books main_text COLUMN_SCALAR LongText
column_create Books modified COLUMN_SCALAR Time
column_create Books title COLUMN_SCALAR ShortText
column_create Books unique_identifier COLUMN_SCALAR ShortText
table_create Terms TABLE_PAT_KEY ShortText --default_tokenizer TokenBigram --normalizer NormalizerAuto
column_create Terms entries_author_index COLUMN_INDEX|WITH_POSITION Books author
column_create Terms entries_main_text_index COLUMN_INDEX|WITH_POSITION Books main_text
column_create Terms entries_title_index COLUMN_INDEX|WITH_POSITION Books title
